=== GF(p^n) LFSR Suite: Kan Extensions & Algebraic Geometry ===

--- Stage 1: Left Kan Extension (Lan) ---
[ Lan Realization  p=2  n=8 ]
  GF(2^8)  |F*| = 255
  irred f(x) = + 1x^0 + 1x^3 + 1x^5 + 1x^6 + 1x^8
  primitive α (base-2 int) = 177
  Atlas Realizations:
    [Companion   ] Polynomial basis bit 0    | Sample: 100000001011110
    [Matrix      ] Linear map transition     | Sample: 100000001011110
    [Trace       ] Field trace to GF(p) mod 2 | Sample: 000100100101110
    [Decimate-3  ] Every 3rd orbit point     | Sample: 100011001010000
    [Reciprocal  ] Dual basis / reversed orbit | Sample: 100000001001010

[ Lan Realization  p=3  n=4 ]
  GF(3^4)  |F*| = 80
  irred f(x) = + 1x^0 + 1x^2 + 1x^3 + 1x^4
  primitive α (base-3 int) = 65
  Atlas Realizations:
    [Companion   ] Polynomial basis bit 0    | Sample: 100001000100111
    [Matrix      ] Linear map transition     | Sample: 100001000100111
    [Trace       ] Field trace to GF(p) mod 2 | Sample: 100011010000100
    [Decimate-3  ] Every 3rd orbit point     | Sample: 100111101100000
    [Reciprocal  ] Dual basis / reversed orbit | Sample: 100000110111100

[ Lan Realization  p=5  n=2 ]
  GF(5^2)  |F*| = 24
  irred f(x) = + 4x^0 + 2x^1 + 1x^2
  primitive α (base-5 int) = 8
  Atlas Realizations:
    [Companion   ] Polynomial basis bit 0    | Sample: 101101000000101
    [Matrix      ] Linear map transition     | Sample: 101101000000101
    [Trace       ] Field trace to GF(p) mod 2 | Sample: 011101100010011
    [Decimate-3  ] Every 3rd orbit point     | Sample: 110011001100110
    [Reciprocal  ] Dual basis / reversed orbit | Sample: 101000000101101

[ Lan Realization  p=97  n=2 ]
  GF(97^2)  |F*| = 9408
  irred f(x) = + 6x^0 + 19x^1 + 1x^2
  primitive α (base-97 int) = 8209
  Atlas Realizations:
    [Companion   ] Polynomial basis bit 0    | Sample: 101100010101001
    [Matrix      ] Linear map transition     | Sample: 101100010101001
    [Trace       ] Field trace to GF(p) mod 2 | Sample: 000110011011010
    [Decimate-3  ] Every 3rd orbit point     | Sample: 110100000001010
    [Reciprocal  ] Dual basis / reversed orbit | Sample: 100001101001010

--- Stage 2: Right Kan Extension (Ran) ---
[ Ran Inference  p=2  target_n=4  chart=Companion ]
  Observation: 10001100011000110001
  Inferred n: 8  [OK: NO]

[ Ran Inference  p=2  target_n=4  chart=Trace ]
  Observation: 01111011110111101111
  Inferred n: 8  [OK: NO]

[ Ran Inference  p=2  target_n=4  chart=Matrix ]
  Observation: 10001100011000110001
  Inferred n: 8  [OK: NO]

[ Ran Inference  p=3  target_n=3  chart=Reciprocal ]
  Observation: 10000000101110001101
  Inferred n: 3 7  [OK: YES]

[ Ran Inference  p=5  target_n=2  chart=Trace ]
  Observation: 01110110001001110110
  Inferred n: 2 4  [OK: YES]

--- Stage 3: Categorical Consistency ---
[ Categorical Gluing Test  p=2  n=8 ]
  Companion vs Matrix bit-perfect consistency: PASS

[ Categorical Gluing Test  p=3  n=4 ]
  Companion vs Matrix bit-perfect consistency: PASS

--- Stage 4: Core Utilities ---
[ RangeTraversal  p=2  max_val=20 ]
  All [0,20] visited exactly once: YES
  First 20: 0 12 7 5 8 6 4 3 11 2 13 17 1 18 20 9 15 14 10 16

[ Orbit  p=2  n=8 ]
  unique+nonzero: YES

[ Orbit  p=3  n=4 ]
  unique+nonzero: YES
